{
    "Should run without failures": {
        "content": [
            {
                "0": [
                    [
                        {
                            "id": "test.9000000",
                            "taxid": 9000000,
                            "sample_id": "test"
                        },
                        [
                            "test.9000000_2697049_R1.fq:md5,b0eaac69db411379704837a2b2a9dbd8",
                            "test.9000000_2697049_R2.fq:md5,705ce6f753733d8ba3ccdffad193ef52",
                            "test.9000000_9000016_R1.fq:md5,956b247146d66af80f328a791cacd1e9",
                            "test.9000000_9000016_R2.fq:md5,4d4b144a3f6947a5a9f6603fbd0dd4d1",
                            "test.9000000_9000017_R1.fq:md5,956b247146d66af80f328a791cacd1e9",
                            "test.9000000_9000017_R2.fq:md5,4d4b144a3f6947a5a9f6603fbd0dd4d1",
                            "test.9000000_9000018_R1.fq:md5,956b247146d66af80f328a791cacd1e9",
                            "test.9000000_9000018_R2.fq:md5,4d4b144a3f6947a5a9f6603fbd0dd4d1",
                            "test.9000000_9000019_R1.fq:md5,956b247146d66af80f328a791cacd1e9",
                            "test.9000000_9000019_R2.fq:md5,4d4b144a3f6947a5a9f6603fbd0dd4d1",
                            "test.9000000_9000020_R1.fq:md5,956b247146d66af80f328a791cacd1e9",
                            "test.9000000_9000020_R2.fq:md5,4d4b144a3f6947a5a9f6603fbd0dd4d1",
                            "test.9000000_9000022_R1.fq:md5,956b247146d66af80f328a791cacd1e9",
                            "test.9000000_9000022_R2.fq:md5,4d4b144a3f6947a5a9f6603fbd0dd4d1"
                        ]
                    ]
                ]
            }
        ],
        "timestamp": "2024-03-05T20:56:05+0000"
    }
}