{
    "Should run without failures": {
        "content": [
            {
                "0": [
                    [
                        {
                            "id": "test.9000000",
                            "taxid": 9000000,
                            "sample_id": "test"
                        },
                        [
                            "test.9000000_2697049_R1.fq:md5,b0eaac69db411379704837a2b2a9dbd8",
                            "test.9000000_2697049_R2.fq:md5,705ce6f753733d8ba3ccdffad193ef52",
                            "test.9000000_9000019_R1.fq:md5,5618fdbb4f73478ee97133395db9ec44",
                            "test.9000000_9000019_R2.fq:md5,e7cd0de58458d603335bbc239e5cfafd"
                        ]
                    ]
                ],
                "1": [
                    "test.9000000_pre_report.tsv:md5,b4650118fe4fccc3b649658761c454f2"
                ],
                "fq_files": [
                    [
                        {
                            "id": "test.9000000",
                            "taxid": 9000000,
                            "sample_id": "test"
                        },
                        [
                            "test.9000000_2697049_R1.fq:md5,b0eaac69db411379704837a2b2a9dbd8",
                            "test.9000000_2697049_R2.fq:md5,705ce6f753733d8ba3ccdffad193ef52",
                            "test.9000000_9000019_R1.fq:md5,5618fdbb4f73478ee97133395db9ec44",
                            "test.9000000_9000019_R2.fq:md5,e7cd0de58458d603335bbc239e5cfafd"
                        ]
                    ]
                ],
                "report_file": [
                    "test.9000000_pre_report.tsv:md5,b4650118fe4fccc3b649658761c454f2"
                ]
            }
        ],
        "meta": {
            "nf-test": "0.9.2",
            "nextflow": "24.10.4"
        },
        "timestamp": "2025-07-24T18:02:50.990401"
    }
}